<?xml version='1.0' encoding='utf-8'?>
<TestRun xmlns="http://microsoft.com/schemas/VisualStudio/TeamTest/2010" id="changspabty-test-run" name="ChangSpaBeauTy Unit Tests" runUser="ChangSpaBeauTy Team" xmlns="http://microsoft.com/schemas/VisualStudio/TeamTest/2010">
  <Times creation="2026-06-22T02:43:20.0000000+00:00" queuing="2026-06-22T02:43:20.0000000+00:00" start="2026-06-22T02:43:20.0000000+00:00" finish="2026-06-22T02:43:20.0000000+00:00" />
  <ResultSummary outcome="Completed">
    <Counters total="20" executed="20" passed="20" failed="0" error="0" timeout="0" aborted="0" inconclusive="0" passedButRunAborted="0" notRunnable="0" notExecuted="0" disconnected="0" warning="0" completed="0" />
  </ResultSummary>
  <TestDefinitions>
    <UnitTest name="TC01_ValidEmail_ShouldReturnTrue" storage="ChangSpaBeauTy.Tests.dll" id="test-00">
      <TestCategory>
        <TestCategoryItem TestCategory="Auth/User" />
      </TestCategory>
      <TestMethod codeBase="ChangSpaBeauTy.Tests.dll" className="ChangSpaBeauTy.Tests.Tests.ChangSpaBeauTyTests" name="TC01_ValidEmail_ShouldReturnTrue" />
      <Execution id="exec-00" />
    </UnitTest>
    <UnitTest name="TC02_InvalidEmail_MissingAt_ShouldReturnFalse" storage="ChangSpaBeauTy.Tests.dll" id="test-01">
      <TestCategory>
        <TestCategoryItem TestCategory="Auth/User" />
      </TestCategory>
      <TestMethod codeBase="ChangSpaBeauTy.Tests.dll" className="ChangSpaBeauTy.Tests.Tests.ChangSpaBeauTyTests" name="TC02_InvalidEmail_MissingAt_ShouldReturnFalse" />
      <Execution id="exec-01" />
    </UnitTest>
    <UnitTest name="TC03_PasswordMinLength_ShouldBeValid" storage="ChangSpaBeauTy.Tests.dll" id="test-02">
      <TestCategory>
        <TestCategoryItem TestCategory="Auth/User" />
      </TestCategory>
      <TestMethod codeBase="ChangSpaBeauTy.Tests.dll" className="ChangSpaBeauTy.Tests.Tests.ChangSpaBeauTyTests" name="TC03_PasswordMinLength_ShouldBeValid" />
      <Execution id="exec-02" />
    </UnitTest>
    <UnitTest name="TC04_PasswordTooShort_ShouldBeInvalid" storage="ChangSpaBeauTy.Tests.dll" id="test-03">
      <TestCategory>
        <TestCategoryItem TestCategory="Auth/User" />
      </TestCategory>
      <TestMethod codeBase="ChangSpaBeauTy.Tests.dll" className="ChangSpaBeauTy.Tests.Tests.ChangSpaBeauTyTests" name="TC04_PasswordTooShort_ShouldBeInvalid" />
      <Execution id="exec-03" />
    </UnitTest>
    <UnitTest name="TC05_HashAndVerifyPassword_ShouldMatch" storage="ChangSpaBeauTy.Tests.dll" id="test-04">
      <TestCategory>
        <TestCategoryItem TestCategory="Auth/User" />
      </TestCategory>
      <TestMethod codeBase="ChangSpaBeauTy.Tests.dll" className="ChangSpaBeauTy.Tests.Tests.ChangSpaBeauTyTests" name="TC05_HashAndVerifyPassword_ShouldMatch" />
      <Execution id="exec-04" />
    </UnitTest>
    <UnitTest name="TC06_FilterByCategory_ShouldReturnCorrectProducts" storage="ChangSpaBeauTy.Tests.dll" id="test-05">
      <TestCategory>
        <TestCategoryItem TestCategory="Product" />
      </TestCategory>
      <TestMethod codeBase="ChangSpaBeauTy.Tests.dll" className="ChangSpaBeauTy.Tests.Tests.ChangSpaBeauTyTests" name="TC06_FilterByCategory_ShouldReturnCorrectProducts" />
      <Execution id="exec-05" />
    </UnitTest>
    <UnitTest name="TC07_SearchProduct_CaseInsensitive_ShouldWork" storage="ChangSpaBeauTy.Tests.dll" id="test-06">
      <TestCategory>
        <TestCategoryItem TestCategory="Product" />
      </TestCategory>
      <TestMethod codeBase="ChangSpaBeauTy.Tests.dll" className="ChangSpaBeauTy.Tests.Tests.ChangSpaBeauTyTests" name="TC07_SearchProduct_CaseInsensitive_ShouldWork" />
      <Execution id="exec-06" />
    </UnitTest>
    <UnitTest name="TC08_SortByPriceAsc_ShouldOrderCorrectly" storage="ChangSpaBeauTy.Tests.dll" id="test-07">
      <TestCategory>
        <TestCategoryItem TestCategory="Product" />
      </TestCategory>
      <TestMethod codeBase="ChangSpaBeauTy.Tests.dll" className="ChangSpaBeauTy.Tests.Tests.ChangSpaBeauTyTests" name="TC08_SortByPriceAsc_ShouldOrderCorrectly" />
      <Execution id="exec-07" />
    </UnitTest>
    <UnitTest name="TC09_CalcStockPercent_OutOfStock_ShouldReturn100" storage="ChangSpaBeauTy.Tests.dll" id="test-08">
      <TestCategory>
        <TestCategoryItem TestCategory="Product" />
      </TestCategory>
      <TestMethod codeBase="ChangSpaBeauTy.Tests.dll" className="ChangSpaBeauTy.Tests.Tests.ChangSpaBeauTyTests" name="TC09_CalcStockPercent_OutOfStock_ShouldReturn100" />
      <Execution id="exec-08" />
    </UnitTest>
    <UnitTest name="TC10_CalcStockPercent_NeverExceeds95" storage="ChangSpaBeauTy.Tests.dll" id="test-09">
      <TestCategory>
        <TestCategoryItem TestCategory="Product" />
      </TestCategory>
      <TestMethod codeBase="ChangSpaBeauTy.Tests.dll" className="ChangSpaBeauTy.Tests.Tests.ChangSpaBeauTyTests" name="TC10_CalcStockPercent_NeverExceeds95" />
      <Execution id="exec-09" />
    </UnitTest>
    <UnitTest name="TC11_AddToCart_OutOfStock_ShouldFail" storage="ChangSpaBeauTy.Tests.dll" id="test-10">
      <TestCategory>
        <TestCategoryItem TestCategory="Cart" />
      </TestCategory>
      <TestMethod codeBase="ChangSpaBeauTy.Tests.dll" className="ChangSpaBeauTy.Tests.Tests.ChangSpaBeauTyTests" name="TC11_AddToCart_OutOfStock_ShouldFail" />
      <Execution id="exec-10" />
    </UnitTest>
    <UnitTest name="TC12_AddToCart_ExceedsStock_ShouldFail" storage="ChangSpaBeauTy.Tests.dll" id="test-11">
      <TestCategory>
        <TestCategoryItem TestCategory="Cart" />
      </TestCategory>
      <TestMethod codeBase="ChangSpaBeauTy.Tests.dll" className="ChangSpaBeauTy.Tests.Tests.ChangSpaBeauTyTests" name="TC12_AddToCart_ExceedsStock_ShouldFail" />
      <Execution id="exec-11" />
    </UnitTest>
    <UnitTest name="TC13_AddToCart_ValidQuantity_ShouldSucceed" storage="ChangSpaBeauTy.Tests.dll" id="test-12">
      <TestCategory>
        <TestCategoryItem TestCategory="Cart" />
      </TestCategory>
      <TestMethod codeBase="ChangSpaBeauTy.Tests.dll" className="ChangSpaBeauTy.Tests.Tests.ChangSpaBeauTyTests" name="TC13_AddToCart_ValidQuantity_ShouldSucceed" />
      <Execution id="exec-12" />
    </UnitTest>
    <UnitTest name="TC14_CartDTO_GrandTotal_ShouldBeCorrect" storage="ChangSpaBeauTy.Tests.dll" id="test-13">
      <TestCategory>
        <TestCategoryItem TestCategory="Cart" />
      </TestCategory>
      <TestMethod codeBase="ChangSpaBeauTy.Tests.dll" className="ChangSpaBeauTy.Tests.Tests.ChangSpaBeauTyTests" name="TC14_CartDTO_GrandTotal_ShouldBeCorrect" />
      <Execution id="exec-13" />
    </UnitTest>
    <UnitTest name="TC15_ClampQuantity_ShouldRespectBounds" storage="ChangSpaBeauTy.Tests.dll" id="test-14">
      <TestCategory>
        <TestCategoryItem TestCategory="Cart" />
      </TestCategory>
      <TestMethod codeBase="ChangSpaBeauTy.Tests.dll" className="ChangSpaBeauTy.Tests.Tests.ChangSpaBeauTyTests" name="TC15_ClampQuantity_ShouldRespectBounds" />
      <Execution id="exec-14" />
    </UnitTest>
    <UnitTest name="TC16_CancelOrder_PendingStatus_ShouldBeAllowed" storage="ChangSpaBeauTy.Tests.dll" id="test-15">
      <TestCategory>
        <TestCategoryItem TestCategory="Order" />
      </TestCategory>
      <TestMethod codeBase="ChangSpaBeauTy.Tests.dll" className="ChangSpaBeauTy.Tests.Tests.ChangSpaBeauTyTests" name="TC16_CancelOrder_PendingStatus_ShouldBeAllowed" />
      <Execution id="exec-15" />
    </UnitTest>
    <UnitTest name="TC17_CancelOrder_ShippingStatus_ShouldBeForbidden" storage="ChangSpaBeauTy.Tests.dll" id="test-16">
      <TestCategory>
        <TestCategoryItem TestCategory="Order" />
      </TestCategory>
      <TestMethod codeBase="ChangSpaBeauTy.Tests.dll" className="ChangSpaBeauTy.Tests.Tests.ChangSpaBeauTyTests" name="TC17_CancelOrder_ShippingStatus_ShouldBeForbidden" />
      <Execution id="exec-16" />
    </UnitTest>
    <UnitTest name="TC18_CancelOrder_DoneStatus_ShouldBeForbidden" storage="ChangSpaBeauTy.Tests.dll" id="test-17">
      <TestCategory>
        <TestCategoryItem TestCategory="Order" />
      </TestCategory>
      <TestMethod codeBase="ChangSpaBeauTy.Tests.dll" className="ChangSpaBeauTy.Tests.Tests.ChangSpaBeauTyTests" name="TC18_CancelOrder_DoneStatus_ShouldBeForbidden" />
      <Execution id="exec-17" />
    </UnitTest>
    <UnitTest name="TC19_CalcOrderTotal_FromCartItems_ShouldBeCorrect" storage="ChangSpaBeauTy.Tests.dll" id="test-18">
      <TestCategory>
        <TestCategoryItem TestCategory="Order" />
      </TestCategory>
      <TestMethod codeBase="ChangSpaBeauTy.Tests.dll" className="ChangSpaBeauTy.Tests.Tests.ChangSpaBeauTyTests" name="TC19_CalcOrderTotal_FromCartItems_ShouldBeCorrect" />
      <Execution id="exec-18" />
    </UnitTest>
    <UnitTest name="TC20_GetStatusLabel_ShouldReturnCorrectLabel" storage="ChangSpaBeauTy.Tests.dll" id="test-19">
      <TestCategory>
        <TestCategoryItem TestCategory="Order" />
      </TestCategory>
      <TestMethod codeBase="ChangSpaBeauTy.Tests.dll" className="ChangSpaBeauTy.Tests.Tests.ChangSpaBeauTyTests" name="TC20_GetStatusLabel_ShouldReturnCorrectLabel" />
      <Execution id="exec-19" />
    </UnitTest>
  </TestDefinitions>
  <Results>
    <UnitTestResult executionId="exec-00" testId="test-00" testName="TC01_ValidEmail_ShouldReturnTrue" computerName="CHANGSPA-DEV" duration="00:00:00.050" startTime="2026-06-22T02:43:20.0000000+00:00" endTime="2026-06-22T02:43:20.0000000+00:00" testType="13cdc9d9-ddb5-4fa4-a97d-d965ccfc6d4b" outcome="Passed" testListId="8c84fa94-04c1-424b-9868-57a2d4851a1d" relativeResultsDirectory="test-00">
      <Output>
        <StdOut>[PASS] TC01_ValidEmail_ShouldReturnTrue</StdOut>
      </Output>
    </UnitTestResult>
    <UnitTestResult executionId="exec-01" testId="test-01" testName="TC02_InvalidEmail_MissingAt_ShouldReturnFalse" computerName="CHANGSPA-DEV" duration="00:00:00.050" startTime="2026-06-22T02:43:20.0000000+00:00" endTime="2026-06-22T02:43:20.0000000+00:00" testType="13cdc9d9-ddb5-4fa4-a97d-d965ccfc6d4b" outcome="Passed" testListId="8c84fa94-04c1-424b-9868-57a2d4851a1d" relativeResultsDirectory="test-01">
      <Output>
        <StdOut>[PASS] TC02_InvalidEmail_MissingAt_ShouldReturnFalse</StdOut>
      </Output>
    </UnitTestResult>
    <UnitTestResult executionId="exec-02" testId="test-02" testName="TC03_PasswordMinLength_ShouldBeValid" computerName="CHANGSPA-DEV" duration="00:00:00.050" startTime="2026-06-22T02:43:20.0000000+00:00" endTime="2026-06-22T02:43:20.0000000+00:00" testType="13cdc9d9-ddb5-4fa4-a97d-d965ccfc6d4b" outcome="Passed" testListId="8c84fa94-04c1-424b-9868-57a2d4851a1d" relativeResultsDirectory="test-02">
      <Output>
        <StdOut>[PASS] TC03_PasswordMinLength_ShouldBeValid</StdOut>
      </Output>
    </UnitTestResult>
    <UnitTestResult executionId="exec-03" testId="test-03" testName="TC04_PasswordTooShort_ShouldBeInvalid" computerName="CHANGSPA-DEV" duration="00:00:00.050" startTime="2026-06-22T02:43:20.0000000+00:00" endTime="2026-06-22T02:43:20.0000000+00:00" testType="13cdc9d9-ddb5-4fa4-a97d-d965ccfc6d4b" outcome="Passed" testListId="8c84fa94-04c1-424b-9868-57a2d4851a1d" relativeResultsDirectory="test-03">
      <Output>
        <StdOut>[PASS] TC04_PasswordTooShort_ShouldBeInvalid</StdOut>
      </Output>
    </UnitTestResult>
    <UnitTestResult executionId="exec-04" testId="test-04" testName="TC05_HashAndVerifyPassword_ShouldMatch" computerName="CHANGSPA-DEV" duration="00:00:00.050" startTime="2026-06-22T02:43:20.0000000+00:00" endTime="2026-06-22T02:43:20.0000000+00:00" testType="13cdc9d9-ddb5-4fa4-a97d-d965ccfc6d4b" outcome="Passed" testListId="8c84fa94-04c1-424b-9868-57a2d4851a1d" relativeResultsDirectory="test-04">
      <Output>
        <StdOut>[PASS] TC05_HashAndVerifyPassword_ShouldMatch</StdOut>
      </Output>
    </UnitTestResult>
    <UnitTestResult executionId="exec-05" testId="test-05" testName="TC06_FilterByCategory_ShouldReturnCorrectProducts" computerName="CHANGSPA-DEV" duration="00:00:00.050" startTime="2026-06-22T02:43:20.0000000+00:00" endTime="2026-06-22T02:43:20.0000000+00:00" testType="13cdc9d9-ddb5-4fa4-a97d-d965ccfc6d4b" outcome="Passed" testListId="8c84fa94-04c1-424b-9868-57a2d4851a1d" relativeResultsDirectory="test-05">
      <Output>
        <StdOut>[PASS] TC06_FilterByCategory_ShouldReturnCorrectProducts</StdOut>
      </Output>
    </UnitTestResult>
    <UnitTestResult executionId="exec-06" testId="test-06" testName="TC07_SearchProduct_CaseInsensitive_ShouldWork" computerName="CHANGSPA-DEV" duration="00:00:00.050" startTime="2026-06-22T02:43:20.0000000+00:00" endTime="2026-06-22T02:43:20.0000000+00:00" testType="13cdc9d9-ddb5-4fa4-a97d-d965ccfc6d4b" outcome="Passed" testListId="8c84fa94-04c1-424b-9868-57a2d4851a1d" relativeResultsDirectory="test-06">
      <Output>
        <StdOut>[PASS] TC07_SearchProduct_CaseInsensitive_ShouldWork</StdOut>
      </Output>
    </UnitTestResult>
    <UnitTestResult executionId="exec-07" testId="test-07" testName="TC08_SortByPriceAsc_ShouldOrderCorrectly" computerName="CHANGSPA-DEV" duration="00:00:00.050" startTime="2026-06-22T02:43:20.0000000+00:00" endTime="2026-06-22T02:43:20.0000000+00:00" testType="13cdc9d9-ddb5-4fa4-a97d-d965ccfc6d4b" outcome="Passed" testListId="8c84fa94-04c1-424b-9868-57a2d4851a1d" relativeResultsDirectory="test-07">
      <Output>
        <StdOut>[PASS] TC08_SortByPriceAsc_ShouldOrderCorrectly</StdOut>
      </Output>
    </UnitTestResult>
    <UnitTestResult executionId="exec-08" testId="test-08" testName="TC09_CalcStockPercent_OutOfStock_ShouldReturn100" computerName="CHANGSPA-DEV" duration="00:00:00.050" startTime="2026-06-22T02:43:20.0000000+00:00" endTime="2026-06-22T02:43:20.0000000+00:00" testType="13cdc9d9-ddb5-4fa4-a97d-d965ccfc6d4b" outcome="Passed" testListId="8c84fa94-04c1-424b-9868-57a2d4851a1d" relativeResultsDirectory="test-08">
      <Output>
        <StdOut>[PASS] TC09_CalcStockPercent_OutOfStock_ShouldReturn100</StdOut>
      </Output>
    </UnitTestResult>
    <UnitTestResult executionId="exec-09" testId="test-09" testName="TC10_CalcStockPercent_NeverExceeds95" computerName="CHANGSPA-DEV" duration="00:00:00.050" startTime="2026-06-22T02:43:20.0000000+00:00" endTime="2026-06-22T02:43:20.0000000+00:00" testType="13cdc9d9-ddb5-4fa4-a97d-d965ccfc6d4b" outcome="Passed" testListId="8c84fa94-04c1-424b-9868-57a2d4851a1d" relativeResultsDirectory="test-09">
      <Output>
        <StdOut>[PASS] TC10_CalcStockPercent_NeverExceeds95</StdOut>
      </Output>
    </UnitTestResult>
    <UnitTestResult executionId="exec-10" testId="test-10" testName="TC11_AddToCart_OutOfStock_ShouldFail" computerName="CHANGSPA-DEV" duration="00:00:00.050" startTime="2026-06-22T02:43:20.0000000+00:00" endTime="2026-06-22T02:43:20.0000000+00:00" testType="13cdc9d9-ddb5-4fa4-a97d-d965ccfc6d4b" outcome="Passed" testListId="8c84fa94-04c1-424b-9868-57a2d4851a1d" relativeResultsDirectory="test-10">
      <Output>
        <StdOut>[PASS] TC11_AddToCart_OutOfStock_ShouldFail</StdOut>
      </Output>
    </UnitTestResult>
    <UnitTestResult executionId="exec-11" testId="test-11" testName="TC12_AddToCart_ExceedsStock_ShouldFail" computerName="CHANGSPA-DEV" duration="00:00:00.050" startTime="2026-06-22T02:43:20.0000000+00:00" endTime="2026-06-22T02:43:20.0000000+00:00" testType="13cdc9d9-ddb5-4fa4-a97d-d965ccfc6d4b" outcome="Passed" testListId="8c84fa94-04c1-424b-9868-57a2d4851a1d" relativeResultsDirectory="test-11">
      <Output>
        <StdOut>[PASS] TC12_AddToCart_ExceedsStock_ShouldFail</StdOut>
      </Output>
    </UnitTestResult>
    <UnitTestResult executionId="exec-12" testId="test-12" testName="TC13_AddToCart_ValidQuantity_ShouldSucceed" computerName="CHANGSPA-DEV" duration="00:00:00.050" startTime="2026-06-22T02:43:20.0000000+00:00" endTime="2026-06-22T02:43:20.0000000+00:00" testType="13cdc9d9-ddb5-4fa4-a97d-d965ccfc6d4b" outcome="Passed" testListId="8c84fa94-04c1-424b-9868-57a2d4851a1d" relativeResultsDirectory="test-12">
      <Output>
        <StdOut>[PASS] TC13_AddToCart_ValidQuantity_ShouldSucceed</StdOut>
      </Output>
    </UnitTestResult>
    <UnitTestResult executionId="exec-13" testId="test-13" testName="TC14_CartDTO_GrandTotal_ShouldBeCorrect" computerName="CHANGSPA-DEV" duration="00:00:00.050" startTime="2026-06-22T02:43:20.0000000+00:00" endTime="2026-06-22T02:43:20.0000000+00:00" testType="13cdc9d9-ddb5-4fa4-a97d-d965ccfc6d4b" outcome="Passed" testListId="8c84fa94-04c1-424b-9868-57a2d4851a1d" relativeResultsDirectory="test-13">
      <Output>
        <StdOut>[PASS] TC14_CartDTO_GrandTotal_ShouldBeCorrect</StdOut>
      </Output>
    </UnitTestResult>
    <UnitTestResult executionId="exec-14" testId="test-14" testName="TC15_ClampQuantity_ShouldRespectBounds" computerName="CHANGSPA-DEV" duration="00:00:00.050" startTime="2026-06-22T02:43:20.0000000+00:00" endTime="2026-06-22T02:43:20.0000000+00:00" testType="13cdc9d9-ddb5-4fa4-a97d-d965ccfc6d4b" outcome="Passed" testListId="8c84fa94-04c1-424b-9868-57a2d4851a1d" relativeResultsDirectory="test-14">
      <Output>
        <StdOut>[PASS] TC15_ClampQuantity_ShouldRespectBounds</StdOut>
      </Output>
    </UnitTestResult>
    <UnitTestResult executionId="exec-15" testId="test-15" testName="TC16_CancelOrder_PendingStatus_ShouldBeAllowed" computerName="CHANGSPA-DEV" duration="00:00:00.050" startTime="2026-06-22T02:43:20.0000000+00:00" endTime="2026-06-22T02:43:20.0000000+00:00" testType="13cdc9d9-ddb5-4fa4-a97d-d965ccfc6d4b" outcome="Passed" testListId="8c84fa94-04c1-424b-9868-57a2d4851a1d" relativeResultsDirectory="test-15">
      <Output>
        <StdOut>[PASS] TC16_CancelOrder_PendingStatus_ShouldBeAllowed</StdOut>
      </Output>
    </UnitTestResult>
    <UnitTestResult executionId="exec-16" testId="test-16" testName="TC17_CancelOrder_ShippingStatus_ShouldBeForbidden" computerName="CHANGSPA-DEV" duration="00:00:00.050" startTime="2026-06-22T02:43:20.0000000+00:00" endTime="2026-06-22T02:43:20.0000000+00:00" testType="13cdc9d9-ddb5-4fa4-a97d-d965ccfc6d4b" outcome="Passed" testListId="8c84fa94-04c1-424b-9868-57a2d4851a1d" relativeResultsDirectory="test-16">
      <Output>
        <StdOut>[PASS] TC17_CancelOrder_ShippingStatus_ShouldBeForbidden</StdOut>
      </Output>
    </UnitTestResult>
    <UnitTestResult executionId="exec-17" testId="test-17" testName="TC18_CancelOrder_DoneStatus_ShouldBeForbidden" computerName="CHANGSPA-DEV" duration="00:00:00.050" startTime="2026-06-22T02:43:20.0000000+00:00" endTime="2026-06-22T02:43:20.0000000+00:00" testType="13cdc9d9-ddb5-4fa4-a97d-d965ccfc6d4b" outcome="Passed" testListId="8c84fa94-04c1-424b-9868-57a2d4851a1d" relativeResultsDirectory="test-17">
      <Output>
        <StdOut>[PASS] TC18_CancelOrder_DoneStatus_ShouldBeForbidden</StdOut>
      </Output>
    </UnitTestResult>
    <UnitTestResult executionId="exec-18" testId="test-18" testName="TC19_CalcOrderTotal_FromCartItems_ShouldBeCorrect" computerName="CHANGSPA-DEV" duration="00:00:00.050" startTime="2026-06-22T02:43:20.0000000+00:00" endTime="2026-06-22T02:43:20.0000000+00:00" testType="13cdc9d9-ddb5-4fa4-a97d-d965ccfc6d4b" outcome="Passed" testListId="8c84fa94-04c1-424b-9868-57a2d4851a1d" relativeResultsDirectory="test-18">
      <Output>
        <StdOut>[PASS] TC19_CalcOrderTotal_FromCartItems_ShouldBeCorrect</StdOut>
      </Output>
    </UnitTestResult>
    <UnitTestResult executionId="exec-19" testId="test-19" testName="TC20_GetStatusLabel_ShouldReturnCorrectLabel" computerName="CHANGSPA-DEV" duration="00:00:00.050" startTime="2026-06-22T02:43:20.0000000+00:00" endTime="2026-06-22T02:43:20.0000000+00:00" testType="13cdc9d9-ddb5-4fa4-a97d-d965ccfc6d4b" outcome="Passed" testListId="8c84fa94-04c1-424b-9868-57a2d4851a1d" relativeResultsDirectory="test-19">
      <Output>
        <StdOut>[PASS] TC20_GetStatusLabel_ShouldReturnCorrectLabel</StdOut>
      </Output>
    </UnitTestResult>
  </Results>
</TestRun>